2026-02-10 11:01:02.008 [info] [aebc6443-996d-45c2-90f0-388ff96faa56] Native Broker enabled: true
2026-02-10 11:01:02.037 [warning] [Tue, 10 Feb 2026 05:31:02 GMT] : [aebc6443-996d-45c2-90f0-388ff96faa56] : @azure/msal-node-extensions@1.5.25 : Warning - [MSAL:0002]	WARNING	LogAccountInfoNoThrow:90	Log MSAL Account:
2026-02-10 11:01:02.037 [warning] [Tue, 10 Feb 2026 05:31:02 GMT] : [aebc6443-996d-45c2-90f0-388ff96faa56] : @azure/msal-node-extensions@1.5.25 : Warning - [MSAL:0002]	WARNING	LogAccountInfoNoThrow:100	MSAL Account JSON chunk 1/6: {"ageGroup":3,"aio":"DseqButdmBBflvZ1URX1ylPk3*TSCq3HmIb7FbwNm11e5jNKpx3lbtYGeQLln6vkIfFZOrVV4*ksaERj3GtlGDBMX1nKkn0WJXQ3kn8KVTt1XooIwlE29rhWgBTUZtyckNjgE!MGgyTi!vEwahgG4KwwkgToxrn2IGSkBTKWjw6W","alternative_account_id":"","at_hash":"R-FiBjDyzsaPVFujQAFa3Q","aud":"f3222e55-ab35-49de-81f3-88a3be08cf77","authority_type":"MSSTS","birthdate":"2007-02-03","client_info":"eyJ2ZXIiOiIxLjAiLCJzdWIiOiJBQUFBQUFBQUFBQUFBQUFBQUFBQUFIeTFXZHhwMVF3ZlNvSDhFQ3VTVUZNIiwibmFtZSI6IlAuUml0aHdpayBSYW8iLCJwcmVmZXJyZWRf
2026-02-10 11:01:02.038 [warning] [Tue, 10 Feb 2026 05:31:02 GMT] : [aebc6443-996d-45c2-90f0-388ff96faa56] : @azure/msal-node-extensions@1.5.25 : Warning - [MSAL:0002]	WARNING	LogAccountInfoNoThrow:100	MSAL Account JSON chunk 2/6: dXNlcm5hbWUiOiJyaXRod2lrcmFvcGFkYWthbnRpMDNAb3V0bG9vay5jb20iLCJvaWQiOiIwMDAwMDAwMC0wMDAwLTAwMDAtNDgzNC03ZmE1ZTkxM2NiMTEiLCJlbWFpbCI6InJpdGh3aWtyYW9wYWRha2FudGkwM0BvdXRsb29rLmNvbSIsInRpZCI6IjkxODgwNDBkLTZjNjctNGM1Yi1iMTEyLTM2YTMwNGI2NmRhZCIsImhvbWVfb2lkIjoiMDAwMDAwMDAtMDAwMC0wMDAwLTQ4MzQtN2ZhNWU5MTNjYjExIiwidWlkIjoiMDAwMDAwMDAtMDAwMC0wMDAwLTQ4MzQtN2ZhNWU5MTNjYjExIiwidXRpZCI6IjkxODgwNDBkLTZjNjctNGM1Yi1iMTEyLTM2YTMwNGI2NmRhZCJ9","ctry":"IN","debug_info":"Account from: cache_token_response, correlat
2026-02-10 11:01:02.038 [warning] [Tue, 10 Feb 2026 05:31:02 GMT] : [aebc6443-996d-45c2-90f0-388ff96faa56] : @azure/msal-node-extensions@1.5.25 : Warning - [MSAL:0002]	WARNING	LogAccountInfoNoThrow:100	MSAL Account JSON chunk 3/6: ion_id: d4c76f7f-d27d-497e-b5b6-13b27fbfc91d, timestamp: 2026-02-10T04:44:19.000Z","email":"rithwikraopadakanti03@outlook.com","environment":"login.windows.net","exp":1770785059,"family_name":"","given_name":"","home_account_id":"00000000-0000-0000-4834-7fa5e913cb11.9188040d-6c67-4c5b-b112-36a304b66dad","home_environment":"","iat":1770698359,"idtyp":"user","iss":"https://login.microsoftonline.com/9188040d-6c67-4c5b-b112-36a304b66dad/v2.0","local_account_id":"00000000-0000-0000-4834-7fa5e913cb11"
2026-02-10 11:01:02.038 [warning] [Tue, 10 Feb 2026 05:31:02 GMT] : [aebc6443-996d-45c2-90f0-388ff96faa56] : @azure/msal-node-extensions@1.5.25 : Warning - [MSAL:0002]	WARNING	LogAccountInfoNoThrow:100	MSAL Account JSON chunk 4/6: ,"login_hint":"M$EkB4nOM48eLP6ll_jzwVFFIsyizJKM_MLkrML0hMScxOzCvJNDB2yC8tycnPz9ZLzs-V2P9i9_Z__4GAEQAD-hwe","middle_name":"","name":"P.Rithwik Rao","nbf":1770698359,"oid":"00000000-0000-0000-4834-7fa5e913cb11","password_change_url":"","password_expiry":0,"preferred_username":"rithwikraopadakanti03@outlook.com","puid":"000300019AC6D326","realm":"9188040d-6c67-4c5b-b112-36a304b66dad","sub":"AAAAAAAAAAAAAAAAAAAAAHy1Wdxp1QwfSoH8ECuSUFM","tid":"9188040d-6c67-4c5b-b112-36a304b66dad","username":"rithwik
2026-02-10 11:01:02.038 [warning] [Tue, 10 Feb 2026 05:31:02 GMT] : [aebc6443-996d-45c2-90f0-388ff96faa56] : @azure/msal-node-extensions@1.5.25 : Warning - [MSAL:0002]	WARNING	LogAccountInfoNoThrow:100	MSAL Account JSON chunk 5/6: raopadakanti03@outlook.com","ver":"2.0","wam_account_ids":"{\"00000000480728C5\":\"000300019AC6D326\",\"14638111-3389-403d-b206-a6a71d9f8f16\":\"000300019AC6D326\",\"5d661950-3475-41cd-a2c3-d671a3162bc1\":\"000300019AC6D326\",\"82864fa0-ed49-4711-8395-a0e6003dca1f\":\"000300019AC6D326\",\"bed12bc0-3a62-470d-998c-e47546e7b039\":\"000300019AC6D326\",\"d7b530a4-7680-4c23-a8bf-c52c121d2e87\":\"000300019AC6D326\",\"e2ef5054-0287-4db6-afa3-013d96881fd3\":\"000300019AC6D326\",\"f3222e55-ab35-49de-81f3-
2026-02-10 11:01:02.038 [warning] [Tue, 10 Feb 2026 05:31:02 GMT] : [aebc6443-996d-45c2-90f0-388ff96faa56] : @azure/msal-node-extensions@1.5.25 : Warning - [MSAL:0002]	WARNING	LogAccountInfoNoThrow:100	MSAL Account JSON chunk 6/6: 88a3be08cf77\":\"000300019AC6D326\"}","xms_idrel":"3 12"}
2026-02-10 11:01:02.177 [info] [getSessions] [all] starting
2026-02-10 11:01:02.178 [info] [getSessions] [all] returned 0 session(s)
2026-02-10 11:01:02.178 [info] [getSessions] [all] starting
2026-02-10 11:01:02.178 [info] [getSessions] [all] returned 0 session(s)
2026-02-10 11:01:02.178 [info] [getSessions] [all] starting
2026-02-10 11:01:02.178 [info] [getSessions] [all] returned 0 session(s)
2026-02-10 11:01:02.182 [info] [getSessions] [499b84ac-1321-427f-aa17-267ca6975798/.default offline_access] starting
2026-02-10 11:01:02.182 [info] [aebc6443-996d-45c2-90f0-388ff96faa56] Native Broker enabled: true
2026-02-10 11:01:02.252 [info] [getSessions] [499b84ac-1321-427f-aa17-267ca6975798/.default offline_access] returned 0 session(s)
2026-02-10 11:01:03.843 [info] [getSessions] [499b84ac-1321-427f-aa17-267ca6975798/.default offline_access] starting
2026-02-10 11:01:03.843 [info] [getSessions] [499b84ac-1321-427f-aa17-267ca6975798/.default offline_access] returned 0 session(s)
2026-02-10 11:01:04.334 [info] Microsoft Authentication is deactivating...
