2026-02-10 11:01:01.899 [info] Reading sessions from keychain...
2026-02-10 11:01:01.899 [info] Got stored sessions!
2026-02-10 11:01:01.899 [info] Got 2 verified sessions.
2026-02-10 11:01:01.899 [info] Getting sessions for all scopes...
2026-02-10 11:01:01.899 [info] Got 2 sessions for ...
2026-02-10 11:01:01.899 [info] Getting sessions for all scopes...
2026-02-10 11:01:01.899 [info] Got 2 sessions for ...
2026-02-10 11:01:01.899 [info] Getting sessions for all scopes...
2026-02-10 11:01:01.899 [info] Got 2 sessions for ...
2026-02-10 11:01:01.899 [info] Getting sessions for all scopes...
2026-02-10 11:01:01.899 [info] Got 2 sessions for ...
2026-02-10 11:01:01.899 [info] Getting sessions for all scopes...
2026-02-10 11:01:01.899 [info] Got 2 sessions for ...
2026-02-10 11:01:01.899 [info] Getting sessions for all scopes...
2026-02-10 11:01:01.899 [info] Got 2 sessions for ...
2026-02-10 11:01:01.899 [info] Getting sessions for all scopes...
2026-02-10 11:01:01.899 [info] Got 2 sessions for ...
2026-02-10 11:01:01.899 [info] Getting sessions for all scopes...
2026-02-10 11:01:01.899 [info] Got 2 sessions for ...
2026-02-10 11:01:01.899 [info] Getting sessions for read:user,repo,user:email,workflow...
2026-02-10 11:01:01.899 [info] Got 1 sessions for read:user,repo,user:email,workflow...
2026-02-10 11:01:02.255 [info] Getting sessions for all scopes...
2026-02-10 11:01:02.255 [info] Got 2 sessions for ...
2026-02-10 11:01:02.257 [info] Getting sessions for read:user,repo,user:email,workflow...
2026-02-10 11:01:02.257 [info] Got 1 sessions for read:user,repo,user:email,workflow...
2026-02-10 11:01:03.308 [info] Getting sessions for all scopes...
2026-02-10 11:01:03.308 [info] Got 2 sessions for ...
2026-02-10 11:01:03.350 [info] Getting sessions for all scopes...
2026-02-10 11:01:03.350 [info] Got 2 sessions for ...
2026-02-10 11:01:03.790 [info] Getting sessions for read:user,repo,user:email,workflow...
2026-02-10 11:01:03.790 [info] Got 1 sessions for read:user,repo,user:email,workflow...
2026-02-10 11:01:04.084 [info] Getting sessions for all scopes...
2026-02-10 11:01:04.085 [info] Got 2 sessions for ...
2026-02-10 11:01:04.085 [info] Getting sessions for all scopes...
2026-02-10 11:01:04.085 [info] Got 2 sessions for ...
2026-02-10 11:01:04.095 [info] Getting sessions for read:user,repo,user:email,workflow...
2026-02-10 11:01:04.095 [info] Got 1 sessions for read:user,repo,user:email,workflow...
2026-02-10 11:01:04.276 [info] FetcherService: Electron fetch failed with status: 429 
2026-02-10 11:01:04.279 [info] Unable to resolve optional EDU details. Status: 429 
